---
source: crates/qoo-tui/tests/args_form_snapshot.rs
expression: term.backend()
---
"                                                            daemon unreachable — retrying… running 0"
"╭📋 QUEUE── [r] [x] [a] · [c] [z]╮╭📄 DETAIL───────────────────────────────────────────────────────╮" Hidden by multi-width symbols: [(2, " "), (36, " ")]
"│                                ││                                                                │"
"│ 🔍 [/]fi╭ pr-ready args ───────────────────╮╭ pr-ready ────────────────────────────────╮         │" Hidden by multi-width symbols: [(3, " ")]
"│         │                                  ││                                          │         │"
"│ queue em│   pr  PR number                  ││  Flip the PR from WIP to                 │         │"
"│         │    first line of the report      ││  ready-for-review.                       │         │"
"│         │    second line that is long en   ││                                          │         │"
"│         │    ough to soft-wrap across th   ││  Run a self review sized to the diff,    │         │"
"│         │    e field                       ││  sync the description, then assign the   │         │"
"│         │                                  ││  four standing reviewers.                │         │"
"│         │   mode ‹ready›                   ││                                          │         │"
"│         │                                  ││                                          │         │"
"│         │   source wt-a                    ││                                          │         │"
"╰─────────│                                  ││                                          │         │"
"╭⚡TASKS ·│                                  ││                                          │         │" Hidden by multi-width symbols: [(2, " ")]
"│ 🔍 [/]fi│                                  ││                                          │         │" Hidden by multi-width symbols: [(3, " ")]
"│ no task │                                  ││                                          │         │"
"│         │                                  ││                                          │         │"
"│         │                                  ││                                          │         │"
"╰─────────│                                  ││                                          │         │"
"╭🌲 WORKTR│                                  ││                                          │         │" Hidden by multi-width symbols: [(2, " ")]
"│ 🔍 [/]fi│   [ Run ]  [ Cancel ]            ││                                          │         │" Hidden by multi-width symbols: [(3, " ")]
"│ no workt│                                  ││                                          │         │"
"│         ╰──────────────────────────────────╯╰──────────────────────────────────────────╯         │"
"│                                ││                                                                │"
"╰────────────────────────────────╯╰────────────────────────────────────────────────────────────────╯"
"[1-9/0 · ctrl+s n/p]tab · [ctrl+x/z]sub-tab · [?]help · [q]uit                                      "
