---
source: crates/qoo-tui/tests/args_form_snapshot.rs
expression: term.backend()
---
"                                        daemon unreachable — retrying… running 0"
"╭📋 QUEUE───── [c] [a] [z]╮╭📄 DETAIL──────────────────────────────────────────╮" Hidden by multi-width symbols: [(2, " "), (29, " ")]
"│       ╭ pr-ready args ───────────╮╭ pr-ready ────────────────────────╮       │"
"│ 🔍 [/]│ pr  PR number            ││(loading definition…)             │       │" Hidden by multi-width symbols: [(3, " ")]
"│       │                          ││                                  │       │"
"│ queue │                          ││                                  │       │"
"│       │ mode ‹ready›             ││                                  │       │"
"│       │      ┌──────────────────┐││                                  │       │"
"│       │ sourc│ ready            │││                                  │       │"
"│       │      │ create           │││                                  │       │"
"│       │      └──────────────────┘││                                  │       │"
"│       │                          ││                                  │       │"
"╰───────│                          ││                                  │       │"
"╭⚡ TASK│                          ││                                  │       │" Hidden by multi-width symbols: [(2, " ")]
"│ 🔍 [/]│                          ││                                  │       │" Hidden by multi-width symbols: [(3, " ")]
"│ no tas│                          ││                                  │       │"
"│       │                          ││                                  │       │"
"╰───────│                          ││                                  │       │"
"╭🌲 WORK│                          ││                                  │       │" Hidden by multi-width symbols: [(2, " ")]
"│ 🔍 [/]│ [ Run ]  [ Cancel ]      ││                                  │       │" Hidden by multi-width symbols: [(3, " ")]
"│ no wor╰ tab/↑↓ move · ←/→ enum · ╯╰──────────────────────────────────╯       │"
"│                         ││                                                   │"
"╰─────────────────────────╯╰───────────────────────────────────────────────────╯"
"[1-9/0 · ctrl+s n/p] tab · [ctrl+x/z] sub-tab · [?] help · [q]uit               "
