---
source: crates/qoo-tui/tests/args_form_snapshot.rs
expression: term.backend()
---
"                                        daemon unreachable — retrying… running 0"
"╭─────────────────────────╮╭DETAIL─────────────────────────────────────────────╮"
"│QUEUE                    ││(nothing selected)                                 │"
"│queue empty — [a] on a wo││                                                   │"
"│                         ││                                                   │"
"│                         ││                                                   │"
"│                         ││                                                   │"
"│                         ││                                                   │"
"│   ╭ pr-ready args ───────────────────────────────────────────────────────╮   │"
"│   │ pr>                                PR number                         │   │"
"│   │ mode>   ‹ready›                    ready | create                    │   │"
"│   │ source> ┌─────────────────────────────────┐                          │   │"
"╰───│         │ ready                           │                          │   │"
"╭───│ tab/↓ ne│ create                          │ncel                      │   │"
"│TAS│ [ Run ] └─────────────────────────────────┘                          │   │"
"│no ╰──────────────────────────────────────────────────────────────────────╯   │"
"│                         ││                                                   │"
"╰─────────────────────────╯│                                                   │"
"╭─────────────────────────╮│                                                   │"
"│WORKTREES                ││                                                   │"
"│no worktrees             ││                                                   │"
"│                         ││                                                   │"
"╰─────────────────────────╯╰───────────────────────────────────────────────────╯"
"[c] new run · [a] actions · [enter] detail · [↑↓] move · [/] filter · [?] help ·"
