---
source: crates/qoo-tui/tests/def_pick_snapshot.rs
assertion_line: 44
expression: term.backend()
---
"                                        daemon unreachable — retrying… running 0"
"╭📋 QUEUE─── ➕ [c] ⚙️ [a]╮╭📄 DETAIL──────────────────────────────────────────╮" Hidden by multi-width symbols: [(2, " "), (14, " "), (21, " "), (29, " ")]
"│       ╭ Tasks — :platform.wt-a ──╮╭ squash-merge ────────────────────╮       │"
"│ 🔍 [/]│> █                    2/2││no description                    │       │" Hidden by multi-width symbols: [(3, " ")]
"│       │ autotest ⏰              ││                                  │       │" Hidden by multi-width symbols: [(20, " ")]
"│ queue │ squash-merge (source, ta…││prompt                            │       │"
"│       │                          ││loading prompt…                   │       │"
"│       │                          ││                                  │       │"
"│       │                          ││                                  │       │"
"│       │                          ││                                  │       │"
"│       │                          ││                                  │       │"
"│       │                          ││                                  │       │"
"╰───────│                          ││                                  │       │"
"╭⚡ TASK│                          ││                                  │       │" Hidden by multi-width symbols: [(2, " ")]
"│ 🔍 [/]│                          ││                                  │       │" Hidden by multi-width symbols: [(3, " ")]
"│ no tas│                          ││                                  │       │"
"│       │                          ││                                  │       │"
"╰───────│                          ││                                  │       │"
"╭🌲 WORK│                          ││                                  │       │" Hidden by multi-width symbols: [(2, " ")]
"│ 🔍 [/]│                          ││                                  │       │" Hidden by multi-width symbols: [(3, " ")]
"│ no wor╰ type to filter · ↑/↓ move╯╰──────────────────────────────────╯       │"
"│                         ││                                                   │"
"╰─────────────────────────╯╰───────────────────────────────────────────────────╯"
"[1-9/0 · ctrl+s n/p] tab · [ctrl+x/z] sub-tab · [?] help · [q]uit               "
