---
source: crates/qoo-tui/tests/def_args_snapshot.rs
assertion_line: 76
expression: term.backend()
---
"                                                            daemon unreachable — retrying… running 0"
"╭📋 QUEUE── [r] [x] [g] · [c] [z]╮╭📄 DETAIL───────────────────────────────────────────────────────╮" Hidden by multi-width symbols: [(2, " "), (36, " ")]
"│                                ││                                                                │"
"│ 🔍 [/]fi╭ pr-ready args ───────────────────╮╭ pr-ready ────────────────────────────────╮         │" Hidden by multi-width symbols: [(3, " ")]
"│         │                                  ││                                          │         │"
"│ queue em│  ╭ pr ────────────────────────╮  ││  Flip the PR from WIP to                 │         │"
"│         │  │                            │  ││  ready-for-review.                       │         │"
"│         │  │                            │  ││                                          │         │"
"│         │  │                            │  ││  Run a self review sized to the diff,    │         │"
"│         │  ╰────────────────────────────╯  ││  sync the description, then assign the   │         │"
"│         │                                  ││  four standing reviewers.                │         │"
"│         │  ╭ mode ──────────────────────╮  ││                                          │         │"
"│         │  │ready                      ▾│  ││                                          │         │"
"│         │  ╰────────────────────────────╯  ││                                          │         │"
"╰─────────│                                  ││                                          │         │"
"╭⚡TASKS ·│  ╭ source ────────────────────╮  ││                                          │         │" Hidden by multi-width symbols: [(2, " ")]
"│ 🔍 [/]fi│  │wt-a                        │  ││                                          │         │" Hidden by multi-width symbols: [(3, " ")]
"│ no task │  ╰────────────────────────────╯  ││                                          │         │"
"│         │                                  ││                                          │         │"
"│         │                                  ││                                          │         │"
"╰─────────│                                  ││                                          │         │"
"╭🌲 WORKTR│                                  ││                                          │         │" Hidden by multi-width symbols: [(2, " ")]
"│ 🔍 [/]fi│  [ Run ]  [ Cancel ]             ││                                          │         │" Hidden by multi-width symbols: [(3, " ")]
"│ no workt│                                  ││                                          │         │"
"│         ╰──────────────────────────────────╯╰──────────────────────────────────────────╯         │"
"│                                ││                                                                │"
"╰────────────────────────────────╯╰────────────────────────────────────────────────────────────────╯"
"[1-9/0 · ctrl+s n/p]tab · [ctrl+x/z]sub-tab · [?]help · [q]uit                                      "
