---
source: crates/qoo-tui/tests/def_pick_snapshot.rs
assertion_line: 46
expression: term.backend()
---
"                                        daemon unreachable — retrying… running 0"
"╭📋 QUEUE───── [r] [x] [g]╮╭📄 DETAIL──────────────────────────────────────────╮" Hidden by multi-width symbols: [(2, " "), (29, " ")]
"│       ╭ Tasks — :platform.wt-a ──╮╭ squash-merge ────────────────────╮       │"
"│ 🔍 [/]│                          ││                                  │       │" Hidden by multi-width symbols: [(3, " ")]
"│       │  > █                2/2  ││  Description                     │       │"
"│ queue │   autotest               ││  no description                  │       │"
"│       │   squash-merge (source…  ││                                  │       │"
"│       │                          ││  Prompt                          │       │"
"│       │                          ││  loading prompt…                 │       │"
"│       │                          ││                                  │       │"
"│       │                          ││                                  │       │"
"│       │                          ││                                  │       │"
"╰───────│                          ││                                  │       │"
"╭⚡TASKS│                          ││                                  │       │" Hidden by multi-width symbols: [(2, " ")]
"│ 🔍 [/]│                          ││                                  │       │" Hidden by multi-width symbols: [(3, " ")]
"│ no tas│                          ││                                  │       │"
"│       │                          ││                                  │       │"
"╰───────│                          ││                                  │       │"
"╭🌲 WORK│                          ││                                  │       │" Hidden by multi-width symbols: [(2, " ")]
"│ 🔍 [/]│                          ││                                  │       │" Hidden by multi-width symbols: [(3, " ")]
"│ no wor╰──────────────────────────╯╰──────────────────────────────────╯       │"
"│                         ││                                                   │"
"╰─────────────────────────╯╰───────────────────────────────────────────────────╯"
"[1-9/0 · ctrl+s n/p]tab · [ctrl+x/z]sub-tab · [?]help · [q]uit                  "
