---
source: crates/qoo-tui/src/view/menu.rs
expression: s
---
                                                            
                                                            
                                                            
                                                            
        ╭ do the thing ────────────────────────────╮        
        │> █                                    2/2│        
        │ Rerun                                    │        
        │ Skip                                     │        
        │──────────────────────────────────────────│        
        │Re-queue this task and run it again.      │        
        ╰ type to filter · ↑/↓ move · enter run · e╯
