---
source: crates/qoo-tui/src/view/detail.rs
expression: terminal.backend()
---
" 1:acme                                          ● running 0/3  ↯ claude  ↯ grok"
"╭📋 QUEUE─ [r] [x] [g] [a]╮╭📄 DETAIL──────────────────────────────────────────╮" Hidden by multi-width symbols: [(2, " "), (29, " ")]
"│                         ││ 1:report  2:transcript  3:prompt  4:info          │"
"│ 🔍 [/]filter            ││                                                   │" Hidden by multi-width symbols: [(3, " ")]
"│    Worktr…  Prompt      ││  Run                                              │"
"│ ●  feature  implement … ││    id           01RUN                             │"
"│                         ││    definition   squash-merge                      │"
"│                         ││    status       done                              │"
"│                         ││                                                   │"
"│                         ││  Timing                                           │"
"│                         ││    created      07/09 07:00 (5m ago)              │"
"│                         ││    started      07/09 07:00 (4m ago)              │"
"│                         ││    finished     07/09 07:03 (1m ago)              │"
"│                         ││    duration     3m                                │"
"│                         ││                                                   │"
"│                         ││  Details                                          │"
"╰─────────────────────────╯│    worktree     /repos/acme.feature               │"
"╭⚡TASKS [r] [d] [c] · [z]╮│    session      sess-abc123                       │" Hidden by multi-width symbols: [(2, " ")]
"│                         ││    model claude-opus-4.8 (claude) ·               │"
"│ 🔍 [/]filter            ││  claude-opus-4-8                                  │" Hidden by multi-width symbols: [(3, " ")]
"│                         ││    exit code    0                                 │"
"│ no task definitions     ││    cost         $0.42                             │"
"│                         ││    tokens       199k in / 22k out                 │"
"│                         ││    turns        37                                │"
"╰─────────────────────────╯│                                                   │"
"╭🌲 WORKTREES─ [g] [x] [t]╮│  Config                                           │" Hidden by multi-width symbols: [(2, " ")]
"│                         ││    description  Squash-merge the branch.          │"
"│ 🔍 [/]filter            ││    worktree     auto                              │" Hidden by multi-width symbols: [(3, " ")]
"│   Name                  ││    dedup        none                              │"
"│ ● feature               ││    timeout      30m                               │"
"│ ● hotfix                ││    priority     normal                            │"
"│ ● feature               ││    cron         30 13 * * *                       │"
"╰─────────────────────────╯╰───────────────────────────────────────────────────╯"
"[1-9/0 · ctrl+s n/p]tab · [ctrl+x/z]sub-tab · [?]help · [q]uit                  "
