---
source: crates/qoo-tui/src/view/form.rs
expression: s
---
                                                                
  ╭ ＋  Create Worktree · platform ───────────────────────────╮  
  │                                                          │  
  │  ╭ branch / worktree name ────────────────────────────╮  │  
  │  │                                                    │  │  
  │  ╰────────────────────────────────────────────────────╯  │  
  │                                                          │  
  │  ╭ model ─────────────────────────────────────────────╮  │  
  │  │claude-opus-4.8                                    ▾│  │  
  │  ╰────────────────────────────────────────────────────╯  │  
  │                                                          │  
  │  ╭ prompt ────────────────────────────────────────────╮  │  
  │  │Redesign the dialogs                                │  │  
  │  │                                                    │  │  
  │  │                                                    │  │  
  │  ╰────────────────────────────────────────────────────╯  │  
  │                                                          │  
  │  [ Create ]  [ Cancel ]                                  │  
  │                                                          │  
  ╰──────────────────────────────────────────────────────────╯
