---
source: crates/qoo-tui/src/view/mod.rs
expression: terminal.backend()
---
" 1:acme                               daemon unreachable — retrying… running 1/3"
"╭📋 QUEUE───── [r] [x] [a]╮╭📄 DETAIL──────────────────────────────────────────╮" Hidden by multi-width symbols: [(2, " "), (29, " ")]
"│                         ││ 1:report  2:transcript  3:prompt  4:info          │"
"│ 🔍 [/] filter           ││(no report yet)                                    │" Hidden by multi-width symbols: [(3, " ")]
"│      Workt…  Prompt     ││                                                   │"
"│ ⠯ ⌂  featu…  implement… ││                                                   │"
"│ ○    featu…  write doc… ││                                                   │"
"│ ──────── finished ───── ││                                                   │"
"│ ✗    main    flaky mig… ││                                                   │"
"│ ●    main    earlier c… ││                                                   │"
"│                         ││                                                   │"
"│                         ││                                                   │"
"╰─────────────────────────╯│                                                   │"
"╭⚡TASKS──────── [r] · [z]╮│                                                   │" Hidden by multi-width symbols: [(2, " ")]
"│ 🔍 [/] filter           ││                                                   │" Hidden by multi-width symbols: [(3, " ")]
"│ no task definitions     ││                                                   │"
"│                         ││                                                   │"
"╰─────────────────────────╯│                                                   │"
"╭🌲 WORKTREES───── [t] [a]╮│                                                   │" Hidden by multi-width symbols: [(2, " ")]
"│ 🔍 [/] filter           ││                                                   │" Hidden by multi-width symbols: [(3, " ")]
"│ 2 ⌂ feature  ⏱ 0s       ││                                                   │"
"│ ●   hotfix              ││                                                   │"
"╰─────────────────────────╯╰───────────────────────────────────────────────────╯"
"[1-9/0 · ctrl+s n/p] tab · [ctrl+x/z] sub-tab · [?] help · [q]uit               "
