---
source: crates/qoo-tui/src/view/form.rs
assertion_line: 1269
expression: s
---
                                                                
  ╭ Switch provider ─────────────────────────────────────────╮  
  │                                                          │  
  │  ╭ provider ──────────────────────────────────────────╮  │  
  │  │claude                                             ▾│  │  
  │  ╰────────────────────────────────────────────────────╯  │  
  │                                                          │  
  │  [ Switch ]  [ Cancel ]                                  │  
  │                                                          │  
  ╰──────────────────────────────────────────────────────────╯
