---
assertion_line: 707
source: crates/qoo-tui/src/view/mod.rs
expression: terminal.backend()
---
" 1:acme ╭ keymap ──────────────────────────────────────────────────────╮  ⚡︎ grok"
"╭📋 QUEU│                                                              │───────╮" Hidden by multi-width symbols: [(2, " ")]
"│       │   Tab / Shift+Tab cycle focus: queue → tasks → worktrees     │       │"
"│ 🔍 [/]│   1–9 / 0         switch project tab (0 = 10th)              │       │" Hidden by multi-width symbols: [(3, " ")]
"│    Wor│   ctrl+s then n/p next / previous project tab                │       │"
"│ ⠯  fea│   arrows          move list cursor (shift: extend selection  │       │"
"│ ○  fea│   space           mark/unmark row (non-contiguous, combines  │       │"
"│ ──────│   j / k           detail: move lane-task row · else scroll   │       │"
"│ ✗  mai│   h / l           detail: previous / next sub-tab            │       │"
"│ ●  mai│   ctrl+x / ctrl+z detail sub-tab (alias of l / h)            │       │"
"│       │   enter           open selected lane task (worktrees)        │       │"
"│       │   r               run: new task on worktree (worktrees) · r  │       │"
"╰───────│   g               goto: resume task's Claude session (queue  │       │"
"╭⚡TASKS│   x               cancel (queue) · remove worktree (worktre  │       │" Hidden by multi-width symbols: [(2, " ")]
"│ 🔍 [/]│   a               archive / unarchive selection (queue)      │       │" Hidden by multi-width symbols: [(3, " ")]
"│ no tas│   d               discover: fan out one task per discovered  │       │"
"│       │   c               create (queue: adhoc task · worktrees: wo  │       │"
"╰───────│   t               task menu (worktrees)                      │       │"
"╭🌲 WORK│   z               collapse / expand focused list pane        │       │" Hidden by multi-width symbols: [(2, " ")]
"│ 🔍 [/]│   /               filter focused pane                        │       │" Hidden by multi-width symbols: [(3, " ")]
"│ 2 feat│                                                              │       │"
"│ ● hotf│  [ Back ]                                                    │       │"
"╰───────│                                                              │───────╯"
"[1-9/0 ·╰──────────────────────────────────────────────────────────────╯        "
