---
source: crates/qoo-tui/src/view/form.rs
expression: s
---
                                                                
                                                                
                                                                
  ╭ ＋  Run · platform ───────────────────────────────────────╮  
  │                                                          │  
  │  ╭ target ────────────────────────────────────────────╮  │  
  │  │45                                                 ▾│  │  
  │  ╰────────────────────────────────────────────────────╯  │  
  │  ╭────────────────────────────────────────────────────╮  │  
  │  │ feat-45                                            │  │  
  │  │ pr:45   ← use PR #45                               │  │  
  ╰──╰────────────────────────────────────────────────────╯──╯
