---
source: crates/qoo-tui/src/view/modal.rs
assertion_line: 174
expression: s
---
                                                            
                                                            
                                                            
                                                            
                                                            
    ╭ New task — fresh session — platform (adhoc) ─────╮    
    │ prompt> run this now█                            │    
    │ enter submit · esc cancel                        │    
    │ [ OK ] [ Cancel ]                                │    
    ╰──────────────────────────────────────────────────╯
