---
source: crates/qoo-tui/src/view/modal.rs
expression: s
---
                                                                                
                                                                                
                          ╭ Switch provider ─────────╮                          
                          │                          │                          
                          │  claude → grok           │                          
                          │                          │                          
                          │  [ Switch ]  [ Cancel ]  │                          
                          │                          │                          
                          ╰──────────────────────────╯
