---
source: crates/qoo-tui/src/view/menu.rs
assertion_line: 671
expression: s
---
                                                            
  ╭ do the thing ─────────╮╭ Rerun ──────────────────────╮  
  │> █                 2/2││Re-queue this task and run it│  
  │ Rerun                 ││again.                       │  
  │ Skip                  ││                             │  
  │                       ││                             │  
  │                       ││                             │  
  │                       ││                             │  
  │                       ││                             │  
  │                       ││                             │  
  │                       ││                             │  
  │                       ││                             │  
  │                       ││                             │  
  ╰ type to filter · ↑/↓ m╯╰─────────────────────────────╯
