---
source: crates/qoo-tui/src/view/form.rs
assertion_line: 614
expression: s
---
                                                                
  ╭ ＋  Create Worktree · platform ───────────────────────────╮  
  │                                                          │  
  │  ╭ branch / worktree name ────────────────────────────╮  │  
  │  │                                                    │  │  
  │  ╰────────────────────────────────────────────────────╯  │  
  │                                                          │  
  │  ╭ model ─────────────────────────────────────────────╮  │  
  │  │opus                                               ▾│  │  
  │  ╰────────────────────────────────────────────────────╯  │  
  │                                                          │  
  │  ╭ prompt ────────────────────────────────────────────╮  │  
  │  │Redesign the dialogs                                │  │  
  │  │                                                    │  │  
  │  │                                                    │  │  
  │  ╰────────────────────────────────────────────────────╯  │  
  │                                                          │  
  │  [ Create ]  [ Cancel ]                                  │  
  │                                                          │  
  ╰──────────────────────────────────────────────────────────╯
