---
source: crates/qoo-tui/src/view/def_args.rs
assertion_line: 165
expression: s
---
                                                                                                    
                                                                                                    
          ╭ pr-ready args ───────────────────╮╭ pr-ready ────────────────────────────────╮          
          │                                  ││                                          │          
          │  ╭ review ────────────────────╮  ││  Ready a PR for review.                  │          
          │  │full-review                ▾│  ││                                          │          
          │  ╰────────────────────────────╯  ││  Detect the PR, run checks.              │          
          │                                  ││                                          │          
          │  ╭ pr ────────────────────────╮  ││                                          │          
          │  │45                          │  ││                                          │          
          │  ╰────────────────────────────╯  ││                                          │          
          │                                  ││                                          │          
          │                                  ││                                          │          
          │                                  ││                                          │          
          │                                  ││                                          │          
          │                                  ││                                          │          
          │                                  ││                                          │          
          │                                  ││                                          │          
          │  [ Run ]  [ Cancel ]             ││                                          │          
          │                                  ││                                          │          
          ╰──────────────────────────────────╯╰──────────────────────────────────────────╯
