---
source: crates/qoo-tui/src/view/form.rs
assertion_line: 1286
expression: s
---
                                                                
                                                                
                                                                
  ╭ Switch provider ─────────────────────────────────────────╮  
  │                                                          │  
  │  ╭ provider ──────────────────────────────────────────╮  │  
  │  │claude                                             ▾│  │  
  │  ╰────────────────────────────────────────────────────╯  │  
  │  ╭────────────────────────────────────────────────────╮  │  
  │  │ claude                                             │  │  
  │  │ grok                                               │  │  
  ╰──│ codex                                              │──╯  
     ╰────────────────────────────────────────────────────╯
