---
source: crates/qoo-tui/src/view/modal.rs
expression: s
---
                                                            
                                                            
                                                            
                                                            
                                                            
    ╭ New task — platform (adhoc) ─────────────────────╮    
    │run this now                                      │    
    │and a second line                                 │    
    │ enter submit · shift+enter newline · esc cancel  │    
    ╰──────────────────────────────────────────────────╯
